Archive member included because of file (symbol)

d:/z/iti_embedded training/all_apps/01- imt sdk/imt_sdk_win_64/winavr/bin/../lib/gcc/avr/4.3.3/avr5\libgcc.a(_exit.o)
                              d:/z/iti_embedded training/all_apps/01- imt sdk/imt_sdk_win_64/winavr/bin/../lib/gcc/avr/4.3.3/../../../../avr/lib/avr5/crtm32.o (exit)
d:/z/iti_embedded training/all_apps/01- imt sdk/imt_sdk_win_64/winavr/bin/../lib/gcc/avr/4.3.3/avr5\libgcc.a(_clear_bss.o)
                              ./TMR0_Program.o (__do_clear_bss)

Memory Configuration

Name             Origin             Length             Attributes
text             0x00000000         0x00020000         xr
data             0x00800060         0x0000ffa0         rw !x
eeprom           0x00810000         0x00010000         rw !x
fuse             0x00820000         0x00000400         rw !x
lock             0x00830000         0x00000400         rw !x
signature        0x00840000         0x00000400         rw !x
*default*        0x00000000         0xffffffff

Linker script and memory map

LOAD d:/z/iti_embedded training/all_apps/01- imt sdk/imt_sdk_win_64/winavr/bin/../lib/gcc/avr/4.3.3/../../../../avr/lib/avr5/crtm32.o
LOAD ./DIO_Program.o
LOAD ./GIE_Program.o
LOAD ./SPI_Program.o
LOAD ./TMR0_Program.o
LOAD ./main.o
LOAD d:/z/iti_embedded training/all_apps/01- imt sdk/imt_sdk_win_64/winavr/bin/../lib/gcc/avr/4.3.3/avr5\libgcc.a
LOAD d:/z/iti_embedded training/all_apps/01- imt sdk/imt_sdk_win_64/winavr/bin/../lib/gcc/avr/4.3.3/../../../../avr/lib/avr5\libc.a
LOAD d:/z/iti_embedded training/all_apps/01- imt sdk/imt_sdk_win_64/winavr/bin/../lib/gcc/avr/4.3.3/avr5\libgcc.a

.hash
 *(.hash)

.dynsym
 *(.dynsym)

.dynstr
 *(.dynstr)

.gnu.version
 *(.gnu.version)

.gnu.version_d
 *(.gnu.version_d)

.gnu.version_r
 *(.gnu.version_r)

.rel.init
 *(.rel.init)

.rela.init
 *(.rela.init)

.rel.text
 *(.rel.text)
 *(.rel.text.*)
 *(.rel.gnu.linkonce.t*)

.rela.text
 *(.rela.text)
 *(.rela.text.*)
 *(.rela.gnu.linkonce.t*)

.rel.fini
 *(.rel.fini)

.rela.fini
 *(.rela.fini)

.rel.rodata
 *(.rel.rodata)
 *(.rel.rodata.*)
 *(.rel.gnu.linkonce.r*)

.rela.rodata
 *(.rela.rodata)
 *(.rela.rodata.*)
 *(.rela.gnu.linkonce.r*)

.rel.data
 *(.rel.data)
 *(.rel.data.*)
 *(.rel.gnu.linkonce.d*)

.rela.data
 *(.rela.data)
 *(.rela.data.*)
 *(.rela.gnu.linkonce.d*)

.rel.ctors
 *(.rel.ctors)

.rela.ctors
 *(.rela.ctors)

.rel.dtors
 *(.rel.dtors)

.rela.dtors
 *(.rela.dtors)

.rel.got
 *(.rel.got)

.rela.got
 *(.rela.got)

.rel.bss
 *(.rel.bss)

.rela.bss
 *(.rela.bss)

.rel.plt
 *(.rel.plt)

.rela.plt
 *(.rela.plt)

.text           0x00000000      0xb74
 *(.vectors)
 .vectors       0x00000000       0x54 d:/z/iti_embedded training/all_apps/01- imt sdk/imt_sdk_win_64/winavr/bin/../lib/gcc/avr/4.3.3/../../../../avr/lib/avr5/crtm32.o
                0x00000000                __vectors
                0x00000000                __vector_default
 *(.vectors)
 *(.progmem.gcc*)
 *(.progmem*)
                0x00000054                . = ALIGN (0x2)
                0x00000054                __trampolines_start = .
 *(.trampolines)
 .trampolines   0x00000054        0x0 linker stubs
 *(.trampolines*)
                0x00000054                __trampolines_end = .
 *(.jumptables)
 *(.jumptables*)
 *(.lowtext)
 *(.lowtext*)
                0x00000054                __ctors_start = .
 *(.ctors)
                0x00000054                __ctors_end = .
                0x00000054                __dtors_start = .
 *(.dtors)
                0x00000054                __dtors_end = .
 SORT(*)(.ctors)
 SORT(*)(.dtors)
 *(.init0)
 .init0         0x00000054        0x0 d:/z/iti_embedded training/all_apps/01- imt sdk/imt_sdk_win_64/winavr/bin/../lib/gcc/avr/4.3.3/../../../../avr/lib/avr5/crtm32.o
                0x00000054                __init
 *(.init0)
 *(.init1)
 *(.init1)
 *(.init2)
 .init2         0x00000054        0xc d:/z/iti_embedded training/all_apps/01- imt sdk/imt_sdk_win_64/winavr/bin/../lib/gcc/avr/4.3.3/../../../../avr/lib/avr5/crtm32.o
 *(.init2)
 *(.init3)
 *(.init3)
 *(.init4)
 .init4         0x00000060       0x10 d:/z/iti_embedded training/all_apps/01- imt sdk/imt_sdk_win_64/winavr/bin/../lib/gcc/avr/4.3.3/avr5\libgcc.a(_clear_bss.o)
                0x00000060                __do_clear_bss
 *(.init4)
 *(.init5)
 *(.init5)
 *(.init6)
 *(.init6)
 *(.init7)
 *(.init7)
 *(.init8)
 *(.init8)
 *(.init9)
 .init9         0x00000070        0x8 d:/z/iti_embedded training/all_apps/01- imt sdk/imt_sdk_win_64/winavr/bin/../lib/gcc/avr/4.3.3/../../../../avr/lib/avr5/crtm32.o
 *(.init9)
 *(.text)
 .text          0x00000078        0x4 d:/z/iti_embedded training/all_apps/01- imt sdk/imt_sdk_win_64/winavr/bin/../lib/gcc/avr/4.3.3/../../../../avr/lib/avr5/crtm32.o
                0x00000078                __vector_1
                0x00000078                __vector_12
                0x00000078                __bad_interrupt
                0x00000078                __vector_6
                0x00000078                __vector_3
                0x00000078                __vector_13
                0x00000078                __vector_17
                0x00000078                __vector_19
                0x00000078                __vector_7
                0x00000078                __vector_5
                0x00000078                __vector_4
                0x00000078                __vector_9
                0x00000078                __vector_2
                0x00000078                __vector_15
                0x00000078                __vector_8
                0x00000078                __vector_14
                0x00000078                __vector_16
                0x00000078                __vector_18
                0x00000078                __vector_20
 .text          0x0000007c        0x0 ./DIO_Program.o
 .text          0x0000007c        0x0 ./GIE_Program.o
 .text          0x0000007c        0x0 ./SPI_Program.o
 .text          0x0000007c        0x0 ./TMR0_Program.o
 .text          0x0000007c        0x0 ./main.o
 .text          0x0000007c        0x0 d:/z/iti_embedded training/all_apps/01- imt sdk/imt_sdk_win_64/winavr/bin/../lib/gcc/avr/4.3.3/avr5\libgcc.a(_exit.o)
 .text          0x0000007c        0x0 d:/z/iti_embedded training/all_apps/01- imt sdk/imt_sdk_win_64/winavr/bin/../lib/gcc/avr/4.3.3/avr5\libgcc.a(_clear_bss.o)
                0x0000007c                . = ALIGN (0x2)
 *(.text.*)
 .text.DIO_voidSetPinDirection
                0x0000007c      0x200 ./DIO_Program.o
                0x0000007c                DIO_voidSetPinDirection
 .text.DIO_voidSetPinValue
                0x0000027c      0x200 ./DIO_Program.o
                0x0000027c                DIO_voidSetPinValue
 .text.DIO_voidSetPortDirection
                0x0000047c       0x82 ./DIO_Program.o
                0x0000047c                DIO_voidSetPortDirection
 .text.DIO_voidSetPortValue
                0x000004fe       0x82 ./DIO_Program.o
                0x000004fe                DIO_voidSetPortValue
 .text.DIO_voidTogglePinValue
                0x00000580       0xfa ./DIO_Program.o
                0x00000580                DIO_voidTogglePinValue
 .text.DIO_u8GetPinValue
                0x0000067a       0xf2 ./DIO_Program.o
                0x0000067a                DIO_u8GetPinValue
 .text.EXT_voidGIE_Enable
                0x0000076c       0x1c ./GIE_Program.o
                0x0000076c                EXT_voidGIE_Enable
 .text.EXT_voidGIE_Disable
                0x00000788       0x1c ./GIE_Program.o
                0x00000788                EXT_voidGIE_Disable
 .text.SPI_voidInitailMaster
                0x000007a4       0xb4 ./SPI_Program.o
                0x000007a4                SPI_voidInitailMaster
 .text.SPI_voidInitailSlave
                0x00000858       0xb4 ./SPI_Program.o
                0x00000858                SPI_voidInitailSlave
 .text.SPI_u8Transceiver
                0x0000090c       0x2c ./SPI_Program.o
                0x0000090c                SPI_u8Transceiver
 .text.TMR0_SetCallBack
                0x00000938       0x24 ./TMR0_Program.o
                0x00000938                TMR0_SetCallBack
 .text.TMR0_voidInit
                0x0000095c       0x62 ./TMR0_Program.o
                0x0000095c                TMR0_voidInit
 .text.TMR0_voidOCR0
                0x000009be       0x20 ./TMR0_Program.o
                0x000009be                TMR0_voidOCR0
 .text.TMR0_voidPreload
                0x000009de       0x20 ./TMR0_Program.o
                0x000009de                TMR0_voidPreload
 .text.__vector_11
                0x000009fe       0x66 ./TMR0_Program.o
                0x000009fe                __vector_11
 .text.__vector_10
                0x00000a64       0x92 ./TMR0_Program.o
                0x00000a64                __vector_10
 .text.Timer    0x00000af6       0x42 ./main.o
                0x00000af6                Timer
 .text.main     0x00000b38       0x38 ./main.o
                0x00000b38                main
 .text.libgcc   0x00000b70        0x0 d:/z/iti_embedded training/all_apps/01- imt sdk/imt_sdk_win_64/winavr/bin/../lib/gcc/avr/4.3.3/avr5\libgcc.a(_exit.o)
 .text.libgcc   0x00000b70        0x0 d:/z/iti_embedded training/all_apps/01- imt sdk/imt_sdk_win_64/winavr/bin/../lib/gcc/avr/4.3.3/avr5\libgcc.a(_clear_bss.o)
                0x00000b70                . = ALIGN (0x2)
 *(.fini9)
 .fini9         0x00000b70        0x0 d:/z/iti_embedded training/all_apps/01- imt sdk/imt_sdk_win_64/winavr/bin/../lib/gcc/avr/4.3.3/avr5\libgcc.a(_exit.o)
                0x00000b70                exit
                0x00000b70                _exit
 *(.fini9)
 *(.fini8)
 *(.fini8)
 *(.fini7)
 *(.fini7)
 *(.fini6)
 *(.fini6)
 *(.fini5)
 *(.fini5)
 *(.fini4)
 *(.fini4)
 *(.fini3)
 *(.fini3)
 *(.fini2)
 *(.fini2)
 *(.fini1)
 *(.fini1)
 *(.fini0)
 .fini0         0x00000b70        0x4 d:/z/iti_embedded training/all_apps/01- imt sdk/imt_sdk_win_64/winavr/bin/../lib/gcc/avr/4.3.3/avr5\libgcc.a(_exit.o)
 *(.fini0)
                0x00000b74                _etext = .

.data           0x00800060        0x0 load address 0x00000b74
                0x00800060                PROVIDE (__data_start, .)
 *(.data)
 .data          0x00800060        0x0 d:/z/iti_embedded training/all_apps/01- imt sdk/imt_sdk_win_64/winavr/bin/../lib/gcc/avr/4.3.3/../../../../avr/lib/avr5/crtm32.o
 .data          0x00800060        0x0 ./DIO_Program.o
 .data          0x00800060        0x0 ./GIE_Program.o
 .data          0x00800060        0x0 ./SPI_Program.o
 .data          0x00800060        0x0 ./TMR0_Program.o
 .data          0x00800060        0x0 ./main.o
 .data          0x00800060        0x0 d:/z/iti_embedded training/all_apps/01- imt sdk/imt_sdk_win_64/winavr/bin/../lib/gcc/avr/4.3.3/avr5\libgcc.a(_exit.o)
 .data          0x00800060        0x0 d:/z/iti_embedded training/all_apps/01- imt sdk/imt_sdk_win_64/winavr/bin/../lib/gcc/avr/4.3.3/avr5\libgcc.a(_clear_bss.o)
 *(.data*)
 *(.rodata)
 *(.rodata*)
 *(.gnu.linkonce.d*)
                0x00800060                . = ALIGN (0x2)
                0x00800060                _edata = .
                0x00800060                PROVIDE (__data_end, .)

.bss            0x00800060        0x6
                0x00800060                PROVIDE (__bss_start, .)
 *(.bss)
 .bss           0x00800060        0x0 d:/z/iti_embedded training/all_apps/01- imt sdk/imt_sdk_win_64/winavr/bin/../lib/gcc/avr/4.3.3/../../../../avr/lib/avr5/crtm32.o
 .bss           0x00800060        0x0 ./DIO_Program.o
 .bss           0x00800060        0x0 ./GIE_Program.o
 .bss           0x00800060        0x0 ./SPI_Program.o
 .bss           0x00800060        0x0 ./TMR0_Program.o
 .bss           0x00800060        0x0 ./main.o
 .bss           0x00800060        0x0 d:/z/iti_embedded training/all_apps/01- imt sdk/imt_sdk_win_64/winavr/bin/../lib/gcc/avr/4.3.3/avr5\libgcc.a(_exit.o)
 .bss           0x00800060        0x0 d:/z/iti_embedded training/all_apps/01- imt sdk/imt_sdk_win_64/winavr/bin/../lib/gcc/avr/4.3.3/avr5\libgcc.a(_clear_bss.o)
 *(.bss*)
 .bss.GlobalPtr
                0x00800060        0x2 ./TMR0_Program.o
                0x00800060                GlobalPtr
 .bss.count.1268
                0x00800062        0x2 ./TMR0_Program.o
 .bss.count.1227
                0x00800064        0x2 ./main.o
 *(COMMON)
                0x00800066                PROVIDE (__bss_end, .)
                0x00000b74                __data_load_start = LOADADDR (.data)
                0x00000b74                __data_load_end = (__data_load_start + SIZEOF (.data))

.noinit         0x00800066        0x0
                0x00800066                PROVIDE (__noinit_start, .)
 *(.noinit*)
                0x00800066                PROVIDE (__noinit_end, .)
                0x00800066                _end = .
                0x00800066                PROVIDE (__heap_start, .)

.eeprom         0x00810000        0x0
 *(.eeprom*)
                0x00810000                __eeprom_end = .

.fuse
 *(.fuse)
 *(.lfuse)
 *(.hfuse)
 *(.efuse)

.lock
 *(.lock*)

.signature
 *(.signature*)

.stab           0x00000000      0xdec
 *(.stab)
 .stab          0x00000000      0x51c ./DIO_Program.o
 .stab          0x0000051c      0x144 ./GIE_Program.o
                                0x1bc (size before relaxing)
 .stab          0x00000660      0x2b8 ./SPI_Program.o
                                0x330 (size before relaxing)
 .stab          0x00000918      0x2dc ./TMR0_Program.o
                                0x354 (size before relaxing)
 .stab          0x00000bf4      0x1f8 ./main.o
                                0x270 (size before relaxing)

.stabstr        0x00000000      0x615
 *(.stabstr)
 .stabstr       0x00000000      0x615 ./DIO_Program.o

.stab.excl
 *(.stab.excl)

.stab.exclstr
 *(.stab.exclstr)

.stab.index
 *(.stab.index)

.stab.indexstr
 *(.stab.indexstr)

.comment
 *(.comment)

.debug
 *(.debug)

.line
 *(.line)

.debug_srcinfo
 *(.debug_srcinfo)

.debug_sfnames
 *(.debug_sfnames)

.debug_aranges
 *(.debug_aranges)

.debug_pubnames
 *(.debug_pubnames)

.debug_info
 *(.debug_info)
 *(.gnu.linkonce.wi.*)

.debug_abbrev
 *(.debug_abbrev)

.debug_line
 *(.debug_line)

.debug_frame
 *(.debug_frame)

.debug_str
 *(.debug_str)

.debug_loc
 *(.debug_loc)

.debug_macinfo
 *(.debug_macinfo)
OUTPUT(LAB_SLAVE_1.elf elf32-avr)
LOAD linker stubs
